
> frontend@0.1.0 build
> next build

node.exe : ÔÜá Warning: Next.js inferred your 
workspace root, but it may not be correct.
At C:\Program Files\nodejs\npm.ps1:29 char:3
+   & $NODE_EXE $NPM_CLI_JS $args
+   ~~~~~~~~~~~~~~~~~~~~~~~~~~~~~
    + CategoryInfo          : NotSpecified: (ÔÜá  
   Warning: Ne...not be correct.:String) [], Rem  
  oteException
    + FullyQualifiedErrorId : NativeCommandError
 
 We detected multiple lockfiles and selected the 
directory of C:\Users\darks\package-lock.json as 
the root directory.
 To silence this warning, set `turbopack.root` in 
your Next.js config, or consider removing one of 
the lockfiles if it's not needed.
   See https://nextjs.org/docs/app/api-reference/c
onfig/next-config-js/turbopack#root-directory for 
more information.
 Detected additional lockfiles: 
   * C:\Users\darks\OneDrive\├ürea de Trabalho\API
s\Anti\LorcanaPtBr\frontend\package-lock.json

Ôû▓ Next.js 16.1.6 (Turbopack)

  Creating an optimized production build ...
Ô£ô Compiled successfully in 12.6s
  Running TypeScript ...
Failed to compile.

./src/components/game/Card.tsx:70:29
Type error: This comparison appears to be 
unintentional because the types '"hand" | 
"inkwell" | "discard" | "deck" | "items" | 
"ready" | "exerted" | "quest"' and '"field"' have 
no overlap.

[0m [90m 68 |[39m
 [90m 69 |[39m             {[90m/* Quick 
Action Overlay (Visible on Hover in Field) 
*/[39m}
[31m[1m>[22m[39m[90m 70 |[39m             
{[33m![39misReadOnly [33m&&[39m 
card[33m.[39mzone [33m===[39m 
[32m'field'[39m [33m&&[39m (
 [90m    |[39m                             
[31m[1m^[22m[39m
 [90m 71 |[39m                 
[33m<[39m[33mdiv[39m 
className[33m=[39m[32m"absolute -top-10 
left-1/2 -translate-x-1/2 opacity-0 
group-hover:opacity-100 transition-opacity 
bg-slate-900 border border-slate-700 rounded-lg 
p-1 flex gap-1 shadow-2xl z-20"[39m[33m>[39m
 [90m 72 |[39m                     
[33m<[39m[33mbutton[39m
 [90m 73 |[39m                         
onPointerDown[33m=[39m{(e) [33m=>[39m { 
e[33m.[39mstopPropagation()[33m;[39m 
[36mif[39m (onRemoveDamage) 
onRemoveDamage(card[33m.[39muid)[33m;[39m 
}}[0m
Next.js build worker exited with code: 1 and 
signal: null
